    <!DOCTYPE html>
<html lang="en">
<head>
    <meta charset="utf-8">
    <title>grunt-nautilus-test // index</title>
</head>
<body>
    <ul>
        <li><a href="/foo/">Foo</a></li>
        <li><a href="/bar/">Bar</a></li>
        <li><a href="/baz/">Baz</a></li>
    </ul>
    <!--SCRIPTS-->
    <script src="/test/expected/js/dist/admin.js"></script>
    <!--SCRIPTS END-->
</body>
</html>