<!DOCTYPE html>
<html lang="en">
<head>
    <meta charset="utf-8">
    <title>grunt-nautilus-test // bar</title>
</head>
<body>
	<ul>
		<li><a href="/foo/">Foo</a></li>
		<li><a href="/bar/">Bar</a></li>
		<li><a href="/baz/">Baz</a></li>
	</ul>
	<script src="/test/expected/js/dist/{{ .scripts }}.js"></script>
</body>
</html>