<!DOCTYPE html>
<html lang="en">
<head>
    <meta charset="utf-8">
    <title>grunt-nautilus // docs</title>
    <link rel="stylesheet" href="/test/expected/css/screen.css" />
</head>
<body ng-app="nautilusApp">
    
    <section ng-controller="TOCController">
        <ul>
            <li ng-repeat="section in sections">
                {{ section.title }}
            </li>
        </ul>
    </section>
    
    <!--SCRIPTS-->
    <script src="/test/expected/js/dist/application.js"></script>
    <!--SCRIPTS END-->
    
</body>
</html>